// Jest Snapshot v1, https://goo.gl/fbAQLP

exports[`Should render Dashboard correctly 1`] = `
<div>
  <h1>
    Dashboard Page content
  </h1>
</div>
`;
