// Jest Snapshot v1, https://goo.gl/fbAQLP

exports[`Should render Login page 1`] = `
<div
  className="box-layout"
>
  <div
    className="box-layout__container"
  >
    <img
      alt="expensify app"
      className="box-layout__logo"
      src="/images/favicon.png"
    />
    <h1
      className="box-layout__title"
    >
      Boiler Plate React App
    </h1>
    <p>
      Tag line for app
    </p>
    <button
      className="button"
    >
      Log in with Google
    </button>
  </div>
</div>
`;
